<html>
<body>
<pre>
<h1>µVision Build Log</h1>
<h2>Project:</h2>
D:\GraduationProject\UISystem\Project\MDK-ARM\Project.uvproj
Project File Date:  03/10/2016

<h2>Output:</h2>
Build target 'STM3210E-EVAL'
linking...
Program Size: Code=48484 RO-data=202828 RW-data=1064 ZI-data=41352  
".\STM3210E-EVAL\STM3210E-EVAL.axf" - 0 Errors, 0 Warning(s).
Load "D:\\GraduationProject\\UISystem\\Project\\MDK-ARM\\STM3210E-EVAL\\STM3210E-EVAL.axf" 
Set JLink Project File to "D:\GraduationProject\UISystem\Project\MDK-ARM\JLinkSettings.ini"
* JLink Info: Device "STM32F103ZE" selected (512 KB flash, 64 KB RAM).
 
JLink info:
------------
DLL: V4.72a, compiled Jun 26 2013 11:49:14
Firmware: J-Link ARM V8 compiled Jul 17 2014 12:31:18
Hardware: V8.00
S/N : 17935099 
Feature(s) : RDI,FlashDL,FlashBP,JFlash 
 
* JLink Info: TotalIRLen = 9, IRPrint = 0x0011
* JLink Info: TotalIRLen = 9, IRPrint = 0x0011
* JLink Info: Found Cortex-M3 r1p1, Little endian.
* JLink Info: TPIU fitted.
* JLink Info: ETM fitted.
* JLink Info: FPUnit: 6 code (BP) slots and 2 literal slots
ROMTableAddr = 0xE00FF003
* JLink Info: Found Cortex-M3 r1p1, Little endian.
* JLink Info: TPIU fitted.
* JLink Info: ETM fitted.
* JLink Info: FPUnit: 6 code (BP) slots and 2 literal slots
 
Target info:
------------
Device: STM32F103ZE
VTarget = 3.274V
State of Pins: 
TCK: 1, TDI: 0, TDO: 1, TMS: 0, TRES: 1, TRST: 1
Hardware-Breakpoints: 6
Software-Breakpoints: 8192
Watchpoints:          4
JTAG speed: 9600 kHz
 
Erase Done.
Programming Done.
Verify OK.
Build target 'STM3210E-EVAL'
compiling AppMenu.c...
..\..\uCGUI\GUIDemo\AppMenu.c(86): warning:  #223-D: function "GUI_ClearHalt" declared implicitly
linking...
Program Size: Code=48492 RO-data=202828 RW-data=1064 ZI-data=41352  
".\STM3210E-EVAL\STM3210E-EVAL.axf" - 0 Errors, 1 Warning(s).
Load "D:\\GraduationProject\\UISystem\\Project\\MDK-ARM\\STM3210E-EVAL\\STM3210E-EVAL.axf" 
Set JLink Project File to "D:\GraduationProject\UISystem\Project\MDK-ARM\JLinkSettings.ini"
* JLink Info: Device "STM32F103ZE" selected (512 KB flash, 64 KB RAM).
 
JLink info:
------------
DLL: V4.72a, compiled Jun 26 2013 11:49:14
Firmware: J-Link ARM V8 compiled Jul 17 2014 12:31:18
Hardware: V8.00
S/N : 17935099 
Feature(s) : RDI,FlashDL,FlashBP,JFlash 
 
* JLink Info: TotalIRLen = 9, IRPrint = 0x0011
* JLink Info: TotalIRLen = 9, IRPrint = 0x0011
* JLink Info: Found Cortex-M3 r1p1, Little endian.
* JLink Info: TPIU fitted.
* JLink Info: ETM fitted.
* JLink Info: FPUnit: 6 code (BP) slots and 2 literal slots
ROMTableAddr = 0xE00FF003
* JLink Info: Found Cortex-M3 r1p1, Little endian.
* JLink Info: TPIU fitted.
* JLink Info: ETM fitted.
* JLink Info: FPUnit: 6 code (BP) slots and 2 literal slots
 
Target info:
------------
Device: STM32F103ZE
VTarget = 3.274V
State of Pins: 
TCK: 1, TDI: 0, TDO: 1, TMS: 0, TRES: 1, TRST: 1
Hardware-Breakpoints: 6
Software-Breakpoints: 8192
Watchpoints:          4
JTAG speed: 9600 kHz
 
Erase Done.
Programming Done.
Verify OK.
Build target 'STM3210E-EVAL'
compiling AppMenu.c...
..\..\uCGUI\GUIDemo\AppMenu.c(86): warning:  #223-D: function "GUI_ClearHalt" declared implicitly
linking...
Program Size: Code=48500 RO-data=202828 RW-data=1064 ZI-data=41352  
".\STM3210E-EVAL\STM3210E-EVAL.axf" - 0 Errors, 1 Warning(s).
Load "D:\\GraduationProject\\UISystem\\Project\\MDK-ARM\\STM3210E-EVAL\\STM3210E-EVAL.axf" 
Set JLink Project File to "D:\GraduationProject\UISystem\Project\MDK-ARM\JLinkSettings.ini"
* JLink Info: Device "STM32F103ZE" selected (512 KB flash, 64 KB RAM).
 
JLink info:
------------
DLL: V4.72a, compiled Jun 26 2013 11:49:14
Firmware: J-Link ARM V8 compiled Jul 17 2014 12:31:18
Hardware: V8.00
S/N : 17935099 
Feature(s) : RDI,FlashDL,FlashBP,JFlash 
 
* JLink Info: TotalIRLen = 9, IRPrint = 0x0011
* JLink Info: TotalIRLen = 9, IRPrint = 0x0011
* JLink Info: Found Cortex-M3 r1p1, Little endian.
* JLink Info: TPIU fitted.
* JLink Info: ETM fitted.
* JLink Info: FPUnit: 6 code (BP) slots and 2 literal slots
ROMTableAddr = 0xE00FF003
* JLink Info: Found Cortex-M3 r1p1, Little endian.
* JLink Info: TPIU fitted.
* JLink Info: ETM fitted.
* JLink Info: FPUnit: 6 code (BP) slots and 2 literal slots
 
Target info:
------------
Device: STM32F103ZE
VTarget = 3.274V
State of Pins: 
TCK: 1, TDI: 0, TDO: 1, TMS: 0, TRES: 1, TRST: 1
Hardware-Breakpoints: 6
Software-Breakpoints: 8192
Watchpoints:          4
JTAG speed: 9600 kHz
 
Erase Done.
Programming Done.
Verify OK.
Build target 'STM3210E-EVAL'
compiling AppMenu.c...
..\..\uCGUI\GUIDemo\AppMenu.c(86): warning:  #223-D: function "GUI_ClearHalt" declared implicitly
linking...
Program Size: Code=48504 RO-data=202828 RW-data=1064 ZI-data=41352  
".\STM3210E-EVAL\STM3210E-EVAL.axf" - 0 Errors, 1 Warning(s).
Load "D:\\GraduationProject\\UISystem\\Project\\MDK-ARM\\STM3210E-EVAL\\STM3210E-EVAL.axf" 
Set JLink Project File to "D:\GraduationProject\UISystem\Project\MDK-ARM\JLinkSettings.ini"
* JLink Info: Device "STM32F103ZE" selected (512 KB flash, 64 KB RAM).
 
JLink info:
------------
DLL: V4.72a, compiled Jun 26 2013 11:49:14
Firmware: J-Link ARM V8 compiled Jul 17 2014 12:31:18
Hardware: V8.00
S/N : 17935099 
Feature(s) : RDI,FlashDL,FlashBP,JFlash 
 
* JLink Info: TotalIRLen = 9, IRPrint = 0x0011
* JLink Info: TotalIRLen = 9, IRPrint = 0x0011
* JLink Info: Found Cortex-M3 r1p1, Little endian.
* JLink Info: TPIU fitted.
* JLink Info: ETM fitted.
* JLink Info: FPUnit: 6 code (BP) slots and 2 literal slots
ROMTableAddr = 0xE00FF003
* JLink Info: Found Cortex-M3 r1p1, Little endian.
* JLink Info: TPIU fitted.
* JLink Info: ETM fitted.
* JLink Info: FPUnit: 6 code (BP) slots and 2 literal slots
 
Target info:
------------
Device: STM32F103ZE
VTarget = 3.274V
State of Pins: 
TCK: 1, TDI: 0, TDO: 1, TMS: 0, TRES: 1, TRST: 1
Hardware-Breakpoints: 6
Software-Breakpoints: 8192
Watchpoints:          4
JTAG speed: 9600 kHz
 
Erase Done.
Programming Done.
Verify OK.
Build target 'STM3210E-EVAL'
compiling AppMenu.c...
..\..\uCGUI\GUIDemo\AppMenu.c(86): warning:  #223-D: function "GUI_ClearHalt" declared implicitly
linking...
Program Size: Code=48504 RO-data=202828 RW-data=1064 ZI-data=41352  
".\STM3210E-EVAL\STM3210E-EVAL.axf" - 0 Errors, 1 Warning(s).
Load "D:\\GraduationProject\\UISystem\\Project\\MDK-ARM\\STM3210E-EVAL\\STM3210E-EVAL.axf" 
Set JLink Project File to "D:\GraduationProject\UISystem\Project\MDK-ARM\JLinkSettings.ini"
* JLink Info: Device "STM32F103ZE" selected (512 KB flash, 64 KB RAM).
 
JLink info:
------------
DLL: V4.72a, compiled Jun 26 2013 11:49:14
Firmware: J-Link ARM V8 compiled Jul 17 2014 12:31:18
Hardware: V8.00
S/N : 17935099 
Feature(s) : RDI,FlashDL,FlashBP,JFlash 
 
* JLink Info: TotalIRLen = 9, IRPrint = 0x0011
* JLink Info: TotalIRLen = 9, IRPrint = 0x0011
* JLink Info: Found Cortex-M3 r1p1, Little endian.
* JLink Info: TPIU fitted.
* JLink Info: ETM fitted.
* JLink Info: FPUnit: 6 code (BP) slots and 2 literal slots
ROMTableAddr = 0xE00FF003
* JLink Info: Found Cortex-M3 r1p1, Little endian.
* JLink Info: TPIU fitted.
* JLink Info: ETM fitted.
* JLink Info: FPUnit: 6 code (BP) slots and 2 literal slots
 
Target info:
------------
Device: STM32F103ZE
VTarget = 3.274V
State of Pins: 
TCK: 1, TDI: 0, TDO: 1, TMS: 0, TRES: 1, TRST: 1
Hardware-Breakpoints: 6
Software-Breakpoints: 8192
Watchpoints:          4
JTAG speed: 9600 kHz
 
Erase Done.
Programming Done.
Verify OK.
Build target 'STM3210E-EVAL'
compiling AppMenu.c...
..\..\uCGUI\GUIDemo\AppMenu.c(86): warning:  #223-D: function "GUI_ClearHalt" declared implicitly
linking...
Program Size: Code=48420 RO-data=202828 RW-data=1064 ZI-data=41352  
".\STM3210E-EVAL\STM3210E-EVAL.axf" - 0 Errors, 1 Warning(s).
Load "D:\\GraduationProject\\UISystem\\Project\\MDK-ARM\\STM3210E-EVAL\\STM3210E-EVAL.axf" 
Set JLink Project File to "D:\GraduationProject\UISystem\Project\MDK-ARM\JLinkSettings.ini"
* JLink Info: Device "STM32F103ZE" selected (512 KB flash, 64 KB RAM).
 
JLink info:
------------
DLL: V4.72a, compiled Jun 26 2013 11:49:14
Firmware: J-Link ARM V8 compiled Jul 17 2014 12:31:18
Hardware: V8.00
S/N : 17935099 
Feature(s) : RDI,FlashDL,FlashBP,JFlash 
 
* JLink Info: TotalIRLen = 9, IRPrint = 0x0011
* JLink Info: TotalIRLen = 9, IRPrint = 0x0011
* JLink Info: Found Cortex-M3 r1p1, Little endian.
* JLink Info: TPIU fitted.
* JLink Info: ETM fitted.
* JLink Info: FPUnit: 6 code (BP) slots and 2 literal slots
ROMTableAddr = 0xE00FF003
* JLink Info: Found Cortex-M3 r1p1, Little endian.
* JLink Info: TPIU fitted.
* JLink Info: ETM fitted.
* JLink Info: FPUnit: 6 code (BP) slots and 2 literal slots
 
Target info:
------------
Device: STM32F103ZE
VTarget = 3.274V
State of Pins: 
TCK: 1, TDI: 0, TDO: 1, TMS: 0, TRES: 1, TRST: 1
Hardware-Breakpoints: 6
Software-Breakpoints: 8192
Watchpoints:          4
JTAG speed: 9600 kHz
 
Erase Done.
Programming Done.
Verify OK.
Build target 'STM3210E-EVAL'
compiling AppMenu.c...
..\..\uCGUI\GUIDemo\AppMenu.c(86): warning:  #223-D: function "GUI_ClearHalt" declared implicitly
compiling AppCalendar.c...
..\..\uCGUI\GUIDemo\AppCalendar.c(105): warning:  #167-D: argument of type "const unsigned char *" is incompatible with parameter of type "const char *"
..\..\uCGUI\GUIDemo\AppCalendar.c(125): warning:  #167-D: argument of type "const unsigned char *" is incompatible with parameter of type "const char *"
..\..\uCGUI\GUIDemo\AppCalendar.c(278): warning:  #223-D: function "GUI_SetAppIndex" declared implicitly
..\..\uCGUI\GUIDemo\AppCalendar.c(279): warning:  #223-D: function "GUI_SetAppDirection" declared implicitly
..\..\uCGUI\GUIDemo\AppCalendar.c(280): warning:  #223-D: function "_MoveShiftWindow" declared implicitly
..\..\uCGUI\GUIDemo\AppCalendar.c(281): warning:  #223-D: function "GUI_SetCancel" declared implicitly
..\..\uCGUI\GUIDemo\AppCalendar.c(282): warning:  #223-D: function "GUI_ClearHalt" declared implicitly
..\..\uCGUI\GUIDemo\AppCalendar.c(310): warning:  #223-D: function "_MoveShiftWindow" declared implicitly
..\..\uCGUI\GUIDemo\AppCalendar.c(313): warning:  #223-D: function "GUI_CheckCancel" declared implicitly
..\..\uCGUI\GUIDemo\AppCalendar.c(319): warning:  #1-D: last line of file ends without a newline
compiling AppCommon.c...
..\..\GUIResource\AppCommon.c(156): warning:  #177-D: variable "count" was declared but never referenced
..\..\GUIResource\AppCommon.c(229): warning:  #223-D: function "GUIWATCH_Config" declared implicitly
..\..\GUIResource\AppCommon.c(26): warning:  #550-D: variable "_Pressed" was set but never used
..\..\GUIResource\AppCommon.c(28): warning:  #550-D: variable "_iPreAppIndex" was set but never used
..\..\GUIResource\AppCommon.c(30): warning:  #550-D: variable "_Halt" was set but never used
..\..\GUIResource\AppCommon.c(32): warning:  #550-D: variable "_Direction" was set but never used
linking...
Program Size: Code=48472 RO-data=202812 RW-data=1064 ZI-data=41352  
".\STM3210E-EVAL\STM3210E-EVAL.axf" - 0 Errors, 17 Warning(s).
Load "D:\\GraduationProject\\UISystem\\Project\\MDK-ARM\\STM3210E-EVAL\\STM3210E-EVAL.axf" 
Set JLink Project File to "D:\GraduationProject\UISystem\Project\MDK-ARM\JLinkSettings.ini"
* JLink Info: Device "STM32F103ZE" selected (512 KB flash, 64 KB RAM).
 
JLink info:
------------
DLL: V4.72a, compiled Jun 26 2013 11:49:14
Firmware: J-Link ARM V8 compiled Jul 17 2014 12:31:18
Hardware: V8.00
S/N : 17935099 
Feature(s) : RDI,FlashDL,FlashBP,JFlash 
 
* JLink Info: TotalIRLen = 9, IRPrint = 0x0011
* JLink Info: TotalIRLen = 9, IRPrint = 0x0011
* JLink Info: Found Cortex-M3 r1p1, Little endian.
* JLink Info: TPIU fitted.
* JLink Info: ETM fitted.
* JLink Info: FPUnit: 6 code (BP) slots and 2 literal slots
ROMTableAddr = 0xE00FF003
* JLink Info: Found Cortex-M3 r1p1, Little endian.
* JLink Info: TPIU fitted.
* JLink Info: ETM fitted.
* JLink Info: FPUnit: 6 code (BP) slots and 2 literal slots
 
Target info:
------------
Device: STM32F103ZE
VTarget = 3.274V
State of Pins: 
TCK: 1, TDI: 0, TDO: 1, TMS: 0, TRES: 1, TRST: 1
Hardware-Breakpoints: 6
Software-Breakpoints: 8192
Watchpoints:          4
JTAG speed: 9600 kHz
 
Erase Done.
Programming Done.
Verify OK.
Build target 'STM3210E-EVAL'
compiling AppMenu.c...
..\..\uCGUI\GUIDemo\AppMenu.c(86): warning:  #223-D: function "GUI_ClearHalt" declared implicitly
compiling AppStopWatch.c...
..\..\uCGUI\GUIDemo\AppStopWatch.c(156): warning:  #223-D: function "GUI_SetAppIndex" declared implicitly
..\..\uCGUI\GUIDemo\AppStopWatch.c(157): warning:  #223-D: function "GUI_SetAppDirection" declared implicitly
..\..\uCGUI\GUIDemo\AppStopWatch.c(158): warning:  #223-D: function "_MoveShiftWindow" declared implicitly
..\..\uCGUI\GUIDemo\AppStopWatch.c(159): warning:  #223-D: function "GUI_SetCancel" declared implicitly
..\..\uCGUI\GUIDemo\AppStopWatch.c(160): warning:  #223-D: function "GUI_ClearHalt" declared implicitly
..\..\uCGUI\GUIDemo\AppStopWatch.c(235): warning:  #223-D: function "_MoveShiftWindow" declared implicitly
..\..\uCGUI\GUIDemo\AppStopWatch.c(238): warning:  #223-D: function "GUI_CheckCancel" declared implicitly
..\..\uCGUI\GUIDemo\AppStopWatch.c(180): warning:  #177-D: function "StopWatch_UI" was declared but never referenced
compiling AppCommon.c...
..\..\GUIResource\AppCommon.c(156): warning:  #177-D: variable "count" was declared but never referenced
..\..\GUIResource\AppCommon.c(229): warning:  #223-D: function "GUIWATCH_Config" declared implicitly
..\..\GUIResource\AppCommon.c(26): warning:  #550-D: variable "_Pressed" was set but never used
..\..\GUIResource\AppCommon.c(28): warning:  #550-D: variable "_iPreAppIndex" was set but never used
..\..\GUIResource\AppCommon.c(30): warning:  #550-D: variable "_Halt" was set but never used
..\..\GUIResource\AppCommon.c(32): warning:  #550-D: variable "_Direction" was set but never used
linking...
Program Size: Code=48476 RO-data=202812 RW-data=1064 ZI-data=41352  
".\STM3210E-EVAL\STM3210E-EVAL.axf" - 0 Errors, 15 Warning(s).
Load "D:\\GraduationProject\\UISystem\\Project\\MDK-ARM\\STM3210E-EVAL\\STM3210E-EVAL.axf" 
Set JLink Project File to "D:\GraduationProject\UISystem\Project\MDK-ARM\JLinkSettings.ini"
* JLink Info: Device "STM32F103ZE" selected (512 KB flash, 64 KB RAM).
 
JLink info:
------------
DLL: V4.72a, compiled Jun 26 2013 11:49:14
Firmware: J-Link ARM V8 compiled Jul 17 2014 12:31:18
Hardware: V8.00
S/N : 17935099 
Feature(s) : RDI,FlashDL,FlashBP,JFlash 
 
* JLink Info: TotalIRLen = 9, IRPrint = 0x0011
* JLink Info: TotalIRLen = 9, IRPrint = 0x0011
* JLink Info: Found Cortex-M3 r1p1, Little endian.
* JLink Info: TPIU fitted.
* JLink Info: ETM fitted.
* JLink Info: FPUnit: 6 code (BP) slots and 2 literal slots
ROMTableAddr = 0xE00FF003
* JLink Info: Found Cortex-M3 r1p1, Little endian.
* JLink Info: TPIU fitted.
* JLink Info: ETM fitted.
* JLink Info: FPUnit: 6 code (BP) slots and 2 literal slots
 
Target info:
------------
Device: STM32F103ZE
VTarget = 3.274V
State of Pins: 
TCK: 1, TDI: 0, TDO: 1, TMS: 0, TRES: 1, TRST: 1
Hardware-Breakpoints: 6
Software-Breakpoints: 8192
Watchpoints:          4
JTAG speed: 9600 kHz
 
Erase Done.
Programming Done.
Verify OK.
Build target 'STM3210E-EVAL'
compiling AppStopWatch.c...
..\..\uCGUI\GUIDemo\AppStopWatch.c(156): warning:  #223-D: function "GUI_SetAppIndex" declared implicitly
..\..\uCGUI\GUIDemo\AppStopWatch.c(157): warning:  #223-D: function "GUI_SetAppDirection" declared implicitly
..\..\uCGUI\GUIDemo\AppStopWatch.c(158): warning:  #223-D: function "_MoveShiftWindow" declared implicitly
..\..\uCGUI\GUIDemo\AppStopWatch.c(159): warning:  #223-D: function "GUI_SetCancel" declared implicitly
..\..\uCGUI\GUIDemo\AppStopWatch.c(160): warning:  #223-D: function "GUI_ClearHalt" declared implicitly
..\..\uCGUI\GUIDemo\AppStopWatch.c(235): warning:  #223-D: function "_MoveShiftWindow" declared implicitly
..\..\uCGUI\GUIDemo\AppStopWatch.c(238): warning:  #223-D: function "GUI_CheckCancel" declared implicitly
compiling AppCommon.c...
..\..\GUIResource\AppCommon.c(156): warning:  #177-D: variable "count" was declared but never referenced
..\..\GUIResource\AppCommon.c(229): warning:  #223-D: function "GUIWATCH_Config" declared implicitly
..\..\GUIResource\AppCommon.c(26): warning:  #550-D: variable "_Pressed" was set but never used
..\..\GUIResource\AppCommon.c(28): warning:  #550-D: variable "_iPreAppIndex" was set but never used
..\..\GUIResource\AppCommon.c(30): warning:  #550-D: variable "_Halt" was set but never used
..\..\GUIResource\AppCommon.c(32): warning:  #550-D: variable "_Direction" was set but never used
linking...
Program Size: Code=49160 RO-data=202928 RW-data=1064 ZI-data=41352  
".\STM3210E-EVAL\STM3210E-EVAL.axf" - 0 Errors, 13 Warning(s).
Load "D:\\GraduationProject\\UISystem\\Project\\MDK-ARM\\STM3210E-EVAL\\STM3210E-EVAL.axf" 
Set JLink Project File to "D:\GraduationProject\UISystem\Project\MDK-ARM\JLinkSettings.ini"
* JLink Info: Device "STM32F103ZE" selected (512 KB flash, 64 KB RAM).
 
JLink info:
------------
DLL: V4.72a, compiled Jun 26 2013 11:49:14
Firmware: J-Link ARM V8 compiled Jul 17 2014 12:31:18
Hardware: V8.00
S/N : 17935099 
Feature(s) : RDI,FlashDL,FlashBP,JFlash 
 
* JLink Info: TotalIRLen = 9, IRPrint = 0x0011
* JLink Info: TotalIRLen = 9, IRPrint = 0x0011
* JLink Info: Found Cortex-M3 r1p1, Little endian.
* JLink Info: TPIU fitted.
* JLink Info: ETM fitted.
* JLink Info: FPUnit: 6 code (BP) slots and 2 literal slots
ROMTableAddr = 0xE00FF003
* JLink Info: Found Cortex-M3 r1p1, Little endian.
* JLink Info: TPIU fitted.
* JLink Info: ETM fitted.
* JLink Info: FPUnit: 6 code (BP) slots and 2 literal slots
 
Target info:
------------
Device: STM32F103ZE
VTarget = 3.274V
State of Pins: 
TCK: 1, TDI: 0, TDO: 1, TMS: 0, TRES: 1, TRST: 1
Hardware-Breakpoints: 6
Software-Breakpoints: 8192
Watchpoints:          4
JTAG speed: 9600 kHz
 
Erase Done.
Programming Done.
Verify OK.
Load "D:\\GraduationProject\\UISystem\\Project\\MDK-ARM\\STM3210E-EVAL\\STM3210E-EVAL.axf" 
Set JLink Project File to "D:\GraduationProject\UISystem\Project\MDK-ARM\JLinkSettings.ini"
* JLink Info: Device "STM32F103ZE" selected (512 KB flash, 64 KB RAM).
 
JLink info:
------------
DLL: V4.72a, compiled Jun 26 2013 11:49:14
Firmware: J-Link ARM V8 compiled Jul 17 2014 12:31:18
Hardware: V8.00
S/N : 17935099 
Feature(s) : RDI,FlashDL,FlashBP,JFlash 
 
* JLink Info: TotalIRLen = 9, IRPrint = 0x0011
* JLink Info: TotalIRLen = 9, IRPrint = 0x0011
* JLink Info: Found Cortex-M3 r1p1, Little endian.
* JLink Info: TPIU fitted.
* JLink Info: ETM fitted.
* JLink Info: FPUnit: 6 code (BP) slots and 2 literal slots
ROMTableAddr = 0xE00FF003
* JLink Info: Found Cortex-M3 r1p1, Little endian.
* JLink Info: TPIU fitted.
* JLink Info: ETM fitted.
* JLink Info: FPUnit: 6 code (BP) slots and 2 literal slots
 
Target info:
------------
Device: STM32F103ZE
VTarget = 3.274V
State of Pins: 
TCK: 1, TDI: 0, TDO: 1, TMS: 0, TRES: 1, TRST: 1
Hardware-Breakpoints: 6
Software-Breakpoints: 8192
Watchpoints:          4
JTAG speed: 9600 kHz
 
Erase Done.
Programming Done.
Verify OK.
Build target 'STM3210E-EVAL'
compiling AppStopWatch.c...
..\..\uCGUI\GUIDemo\AppStopWatch.c(156): warning:  #223-D: function "GUI_SetAppIndex" declared implicitly
..\..\uCGUI\GUIDemo\AppStopWatch.c(157): warning:  #223-D: function "GUI_SetAppDirection" declared implicitly
..\..\uCGUI\GUIDemo\AppStopWatch.c(158): warning:  #223-D: function "_MoveShiftWindow" declared implicitly
..\..\uCGUI\GUIDemo\AppStopWatch.c(159): warning:  #223-D: function "GUI_SetCancel" declared implicitly
..\..\uCGUI\GUIDemo\AppStopWatch.c(160): warning:  #223-D: function "GUI_ClearHalt" declared implicitly
..\..\uCGUI\GUIDemo\AppStopWatch.c(235): warning:  #223-D: function "_MoveShiftWindow" declared implicitly
..\..\uCGUI\GUIDemo\AppStopWatch.c(251): warning:  #223-D: function "GUI_CheckCancel" declared implicitly
..\..\uCGUI\GUIDemo\AppStopWatch.c(180): warning:  #177-D: function "StopWatch_UI" was declared but never referenced
linking...
Program Size: Code=49020 RO-data=202928 RW-data=1064 ZI-data=41352  
".\STM3210E-EVAL\STM3210E-EVAL.axf" - 0 Errors, 8 Warning(s).
Load "D:\\GraduationProject\\UISystem\\Project\\MDK-ARM\\STM3210E-EVAL\\STM3210E-EVAL.axf" 
Set JLink Project File to "D:\GraduationProject\UISystem\Project\MDK-ARM\JLinkSettings.ini"
* JLink Info: Device "STM32F103ZE" selected (512 KB flash, 64 KB RAM).
 
JLink info:
------------
DLL: V4.72a, compiled Jun 26 2013 11:49:14
Firmware: J-Link ARM V8 compiled Jul 17 2014 12:31:18
Hardware: V8.00
S/N : 17935099 
Feature(s) : RDI,FlashDL,FlashBP,JFlash 
 
* JLink Info: TotalIRLen = 9, IRPrint = 0x0011
* JLink Info: TotalIRLen = 9, IRPrint = 0x0011
* JLink Info: Found Cortex-M3 r1p1, Little endian.
* JLink Info: TPIU fitted.
* JLink Info: ETM fitted.
* JLink Info: FPUnit: 6 code (BP) slots and 2 literal slots
ROMTableAddr = 0xE00FF003
* JLink Info: Found Cortex-M3 r1p1, Little endian.
* JLink Info: TPIU fitted.
* JLink Info: ETM fitted.
* JLink Info: FPUnit: 6 code (BP) slots and 2 literal slots
 
Target info:
------------
Device: STM32F103ZE
VTarget = 3.274V
State of Pins: 
TCK: 1, TDI: 0, TDO: 1, TMS: 0, TRES: 1, TRST: 1
Hardware-Breakpoints: 6
Software-Breakpoints: 8192
Watchpoints:          4
JTAG speed: 9600 kHz
 
Erase Done.
Programming Done.
Verify OK.
Build target 'STM3210E-EVAL'
compiling AppStopWatch.c...
..\..\uCGUI\GUIDemo\AppStopWatch.c(156): warning:  #223-D: function "GUI_SetAppIndex" declared implicitly
..\..\uCGUI\GUIDemo\AppStopWatch.c(157): warning:  #223-D: function "GUI_SetAppDirection" declared implicitly
..\..\uCGUI\GUIDemo\AppStopWatch.c(158): warning:  #223-D: function "_MoveShiftWindow" declared implicitly
..\..\uCGUI\GUIDemo\AppStopWatch.c(159): warning:  #223-D: function "GUI_SetCancel" declared implicitly
..\..\uCGUI\GUIDemo\AppStopWatch.c(160): warning:  #223-D: function "GUI_ClearHalt" declared implicitly
..\..\uCGUI\GUIDemo\AppStopWatch.c(235): warning:  #223-D: function "_MoveShiftWindow" declared implicitly
..\..\uCGUI\GUIDemo\AppStopWatch.c(249): warning:  #223-D: function "GUI_CheckCancel" declared implicitly
..\..\uCGUI\GUIDemo\AppStopWatch.c(180): warning:  #177-D: function "StopWatch_UI" was declared but never referenced
linking...
Program Size: Code=49020 RO-data=202928 RW-data=1064 ZI-data=41352  
".\STM3210E-EVAL\STM3210E-EVAL.axf" - 0 Errors, 8 Warning(s).
Load "D:\\GraduationProject\\UISystem\\Project\\MDK-ARM\\STM3210E-EVAL\\STM3210E-EVAL.axf" 
Set JLink Project File to "D:\GraduationProject\UISystem\Project\MDK-ARM\JLinkSettings.ini"
* JLink Info: Device "STM32F103ZE" selected (512 KB flash, 64 KB RAM).
 
JLink info:
------------
DLL: V4.72a, compiled Jun 26 2013 11:49:14
Firmware: J-Link ARM V8 compiled Jul 17 2014 12:31:18
Hardware: V8.00
S/N : 17935099 
Feature(s) : RDI,FlashDL,FlashBP,JFlash 
 
* JLink Info: TotalIRLen = 9, IRPrint = 0x0011
* JLink Info: TotalIRLen = 9, IRPrint = 0x0011
* JLink Info: Found Cortex-M3 r1p1, Little endian.
* JLink Info: TPIU fitted.
* JLink Info: ETM fitted.
* JLink Info: FPUnit: 6 code (BP) slots and 2 literal slots
ROMTableAddr = 0xE00FF003
* JLink Info: Found Cortex-M3 r1p1, Little endian.
* JLink Info: TPIU fitted.
* JLink Info: ETM fitted.
* JLink Info: FPUnit: 6 code (BP) slots and 2 literal slots
 
Target info:
------------
Device: STM32F103ZE
VTarget = 3.274V
State of Pins: 
TCK: 1, TDI: 0, TDO: 1, TMS: 0, TRES: 1, TRST: 1
Hardware-Breakpoints: 6
Software-Breakpoints: 8192
Watchpoints:          4
JTAG speed: 9600 kHz
 
Erase Done.
Programming Done.
Verify OK.
Build target 'STM3210E-EVAL'
compiling AppStopWatch.c...
..\..\uCGUI\GUIDemo\AppStopWatch.c(156): warning:  #223-D: function "GUI_SetAppIndex" declared implicitly
..\..\uCGUI\GUIDemo\AppStopWatch.c(157): warning:  #223-D: function "GUI_SetAppDirection" declared implicitly
..\..\uCGUI\GUIDemo\AppStopWatch.c(158): warning:  #223-D: function "_MoveShiftWindow" declared implicitly
..\..\uCGUI\GUIDemo\AppStopWatch.c(159): warning:  #223-D: function "GUI_SetCancel" declared implicitly
..\..\uCGUI\GUIDemo\AppStopWatch.c(160): warning:  #223-D: function "GUI_ClearHalt" declared implicitly
..\..\uCGUI\GUIDemo\AppStopWatch.c(235): warning:  #223-D: function "_MoveShiftWindow" declared implicitly
..\..\uCGUI\GUIDemo\AppStopWatch.c(249): warning:  #223-D: function "GUI_CheckCancel" declared implicitly
..\..\uCGUI\GUIDemo\AppStopWatch.c(180): warning:  #177-D: function "StopWatch_UI" was declared but never referenced
linking...
Program Size: Code=49060 RO-data=202928 RW-data=1064 ZI-data=41352  
".\STM3210E-EVAL\STM3210E-EVAL.axf" - 0 Errors, 8 Warning(s).
Load "D:\\GraduationProject\\UISystem\\Project\\MDK-ARM\\STM3210E-EVAL\\STM3210E-EVAL.axf" 
Set JLink Project File to "D:\GraduationProject\UISystem\Project\MDK-ARM\JLinkSettings.ini"
* JLink Info: Device "STM32F103ZE" selected (512 KB flash, 64 KB RAM).
 
JLink info:
------------
DLL: V4.72a, compiled Jun 26 2013 11:49:14
Firmware: J-Link ARM V8 compiled Jul 17 2014 12:31:18
Hardware: V8.00
S/N : 17935099 
Feature(s) : RDI,FlashDL,FlashBP,JFlash 
 
* JLink Info: TotalIRLen = 9, IRPrint = 0x0011
* JLink Info: TotalIRLen = 9, IRPrint = 0x0011
* JLink Info: Found Cortex-M3 r1p1, Little endian.
* JLink Info: TPIU fitted.
* JLink Info: ETM fitted.
* JLink Info: FPUnit: 6 code (BP) slots and 2 literal slots
ROMTableAddr = 0xE00FF003
* JLink Info: Found Cortex-M3 r1p1, Little endian.
* JLink Info: TPIU fitted.
* JLink Info: ETM fitted.
* JLink Info: FPUnit: 6 code (BP) slots and 2 literal slots
 
Target info:
------------
Device: STM32F103ZE
VTarget = 3.274V
State of Pins: 
TCK: 1, TDI: 0, TDO: 1, TMS: 0, TRES: 1, TRST: 1
Hardware-Breakpoints: 6
Software-Breakpoints: 8192
Watchpoints:          4
JTAG speed: 9600 kHz
 
Erase Done.
Programming Done.
Verify OK.
Build target 'STM3210E-EVAL'
compiling AppStopWatch.c...
..\..\uCGUI\GUIDemo\AppStopWatch.c(156): warning:  #223-D: function "GUI_SetAppIndex" declared implicitly
..\..\uCGUI\GUIDemo\AppStopWatch.c(157): warning:  #223-D: function "GUI_SetAppDirection" declared implicitly
..\..\uCGUI\GUIDemo\AppStopWatch.c(158): warning:  #223-D: function "_MoveShiftWindow" declared implicitly
..\..\uCGUI\GUIDemo\AppStopWatch.c(159): warning:  #223-D: function "GUI_SetCancel" declared implicitly
..\..\uCGUI\GUIDemo\AppStopWatch.c(160): warning:  #223-D: function "GUI_ClearHalt" declared implicitly
..\..\uCGUI\GUIDemo\AppStopWatch.c(235): warning:  #223-D: function "_MoveShiftWindow" declared implicitly
..\..\uCGUI\GUIDemo\AppStopWatch.c(249): warning:  #223-D: function "GUI_CheckCancel" declared implicitly
..\..\uCGUI\GUIDemo\AppStopWatch.c(180): warning:  #177-D: function "StopWatch_UI" was declared but never referenced
linking...
Program Size: Code=49076 RO-data=202928 RW-data=1064 ZI-data=41352  
".\STM3210E-EVAL\STM3210E-EVAL.axf" - 0 Errors, 8 Warning(s).
Load "D:\\GraduationProject\\UISystem\\Project\\MDK-ARM\\STM3210E-EVAL\\STM3210E-EVAL.axf" 
Set JLink Project File to "D:\GraduationProject\UISystem\Project\MDK-ARM\JLinkSettings.ini"
* JLink Info: Device "STM32F103ZE" selected (512 KB flash, 64 KB RAM).
 
JLink info:
------------
DLL: V4.72a, compiled Jun 26 2013 11:49:14
Firmware: J-Link ARM V8 compiled Jul 17 2014 12:31:18
Hardware: V8.00
S/N : 17935099 
Feature(s) : RDI,FlashDL,FlashBP,JFlash 
 
* JLink Info: TotalIRLen = 9, IRPrint = 0x0011
* JLink Info: TotalIRLen = 9, IRPrint = 0x0011
* JLink Info: Found Cortex-M3 r1p1, Little endian.
* JLink Info: TPIU fitted.
* JLink Info: ETM fitted.
* JLink Info: FPUnit: 6 code (BP) slots and 2 literal slots
ROMTableAddr = 0xE00FF003
* JLink Info: Found Cortex-M3 r1p1, Little endian.
* JLink Info: TPIU fitted.
* JLink Info: ETM fitted.
* JLink Info: FPUnit: 6 code (BP) slots and 2 literal slots
 
Target info:
------------
Device: STM32F103ZE
VTarget = 3.274V
State of Pins: 
TCK: 1, TDI: 0, TDO: 1, TMS: 0, TRES: 1, TRST: 1
Hardware-Breakpoints: 6
Software-Breakpoints: 8192
Watchpoints:          4
JTAG speed: 9600 kHz
 
Erase Done.
Programming Done.
Verify OK.
Build target 'STM3210E-EVAL'
compiling AppStopWatch.c...
..\..\uCGUI\GUIDemo\AppStopWatch.c(156): warning:  #223-D: function "GUI_SetAppIndex" declared implicitly
..\..\uCGUI\GUIDemo\AppStopWatch.c(157): warning:  #223-D: function "GUI_SetAppDirection" declared implicitly
..\..\uCGUI\GUIDemo\AppStopWatch.c(158): warning:  #223-D: function "_MoveShiftWindow" declared implicitly
..\..\uCGUI\GUIDemo\AppStopWatch.c(159): warning:  #223-D: function "GUI_SetCancel" declared implicitly
..\..\uCGUI\GUIDemo\AppStopWatch.c(160): warning:  #223-D: function "GUI_ClearHalt" declared implicitly
..\..\uCGUI\GUIDemo\AppStopWatch.c(235): warning:  #223-D: function "_MoveShiftWindow" declared implicitly
..\..\uCGUI\GUIDemo\AppStopWatch.c(249): warning:  #223-D: function "GUI_CheckCancel" declared implicitly
..\..\uCGUI\GUIDemo\AppStopWatch.c(180): warning:  #177-D: function "StopWatch_UI" was declared but never referenced
linking...
Program Size: Code=49076 RO-data=202928 RW-data=1064 ZI-data=41352  
".\STM3210E-EVAL\STM3210E-EVAL.axf" - 0 Errors, 8 Warning(s).
Load "D:\\GraduationProject\\UISystem\\Project\\MDK-ARM\\STM3210E-EVAL\\STM3210E-EVAL.axf" 
Set JLink Project File to "D:\GraduationProject\UISystem\Project\MDK-ARM\JLinkSettings.ini"
* JLink Info: Device "STM32F103ZE" selected (512 KB flash, 64 KB RAM).
 
JLink info:
------------
DLL: V4.72a, compiled Jun 26 2013 11:49:14
Firmware: J-Link ARM V8 compiled Jul 17 2014 12:31:18
Hardware: V8.00
S/N : 17935099 
Feature(s) : RDI,FlashDL,FlashBP,JFlash 
 
* JLink Info: TotalIRLen = 9, IRPrint = 0x0011
* JLink Info: TotalIRLen = 9, IRPrint = 0x0011
* JLink Info: Found Cortex-M3 r1p1, Little endian.
* JLink Info: TPIU fitted.
* JLink Info: ETM fitted.
* JLink Info: FPUnit: 6 code (BP) slots and 2 literal slots
ROMTableAddr = 0xE00FF003
* JLink Info: Found Cortex-M3 r1p1, Little endian.
* JLink Info: TPIU fitted.
* JLink Info: ETM fitted.
* JLink Info: FPUnit: 6 code (BP) slots and 2 literal slots
 
Target info:
------------
Device: STM32F103ZE
VTarget = 3.274V
State of Pins: 
TCK: 1, TDI: 0, TDO: 1, TMS: 0, TRES: 1, TRST: 1
Hardware-Breakpoints: 6
Software-Breakpoints: 8192
Watchpoints:          4
JTAG speed: 9600 kHz
 
Erase Done.
Programming Done.
Verify OK.
Build target 'STM3210E-EVAL'
compiling AppStopWatch.c...
..\..\uCGUI\GUIDemo\AppStopWatch.c(157): warning:  #223-D: function "GUI_SetAppIndex" declared implicitly
..\..\uCGUI\GUIDemo\AppStopWatch.c(158): warning:  #223-D: function "GUI_SetAppDirection" declared implicitly
..\..\uCGUI\GUIDemo\AppStopWatch.c(159): warning:  #223-D: function "_MoveShiftWindow" declared implicitly
..\..\uCGUI\GUIDemo\AppStopWatch.c(160): warning:  #223-D: function "GUI_SetCancel" declared implicitly
..\..\uCGUI\GUIDemo\AppStopWatch.c(161): warning:  #223-D: function "GUI_ClearHalt" declared implicitly
..\..\uCGUI\GUIDemo\AppStopWatch.c(237): warning:  #223-D: function "_MoveShiftWindow" declared implicitly
..\..\uCGUI\GUIDemo\AppStopWatch.c(251): warning:  #223-D: function "GUI_CheckCancel" declared implicitly
..\..\uCGUI\GUIDemo\AppStopWatch.c(181): warning:  #177-D: function "StopWatch_UI" was declared but never referenced
linking...
Program Size: Code=49100 RO-data=202928 RW-data=1064 ZI-data=41352  
".\STM3210E-EVAL\STM3210E-EVAL.axf" - 0 Errors, 8 Warning(s).
Load "D:\\GraduationProject\\UISystem\\Project\\MDK-ARM\\STM3210E-EVAL\\STM3210E-EVAL.axf" 
Set JLink Project File to "D:\GraduationProject\UISystem\Project\MDK-ARM\JLinkSettings.ini"
* JLink Info: Device "STM32F103ZE" selected (512 KB flash, 64 KB RAM).
 
JLink info:
------------
DLL: V4.72a, compiled Jun 26 2013 11:49:14
Firmware: J-Link ARM V8 compiled Jul 17 2014 12:31:18
Hardware: V8.00
S/N : 17935099 
Feature(s) : RDI,FlashDL,FlashBP,JFlash 
 
* JLink Info: TotalIRLen = 9, IRPrint = 0x0011
* JLink Info: TotalIRLen = 9, IRPrint = 0x0011
* JLink Info: Found Cortex-M3 r1p1, Little endian.
* JLink Info: TPIU fitted.
* JLink Info: ETM fitted.
* JLink Info: FPUnit: 6 code (BP) slots and 2 literal slots
ROMTableAddr = 0xE00FF003
* JLink Info: Found Cortex-M3 r1p1, Little endian.
* JLink Info: TPIU fitted.
* JLink Info: ETM fitted.
* JLink Info: FPUnit: 6 code (BP) slots and 2 literal slots
 
Target info:
------------
Device: STM32F103ZE
VTarget = 3.274V
State of Pins: 
TCK: 1, TDI: 0, TDO: 1, TMS: 0, TRES: 1, TRST: 1
Hardware-Breakpoints: 6
Software-Breakpoints: 8192
Watchpoints:          4
JTAG speed: 9600 kHz
 
Erase Done.
Programming Done.
Verify OK.
Build target 'STM3210E-EVAL'
compiling AppStopWatch.c...
..\..\uCGUI\GUIDemo\AppStopWatch.c(157): warning:  #223-D: function "GUI_SetAppIndex" declared implicitly
..\..\uCGUI\GUIDemo\AppStopWatch.c(158): warning:  #223-D: function "GUI_SetAppDirection" declared implicitly
..\..\uCGUI\GUIDemo\AppStopWatch.c(159): warning:  #223-D: function "_MoveShiftWindow" declared implicitly
..\..\uCGUI\GUIDemo\AppStopWatch.c(160): warning:  #223-D: function "GUI_SetCancel" declared implicitly
..\..\uCGUI\GUIDemo\AppStopWatch.c(161): warning:  #223-D: function "GUI_ClearHalt" declared implicitly
..\..\uCGUI\GUIDemo\AppStopWatch.c(237): warning:  #223-D: function "_MoveShiftWindow" declared implicitly
..\..\uCGUI\GUIDemo\AppStopWatch.c(251): warning:  #223-D: function "GUI_CheckCancel" declared implicitly
..\..\uCGUI\GUIDemo\AppStopWatch.c(181): warning:  #177-D: function "StopWatch_UI" was declared but never referenced
linking...
Program Size: Code=49100 RO-data=202928 RW-data=1064 ZI-data=41352  
".\STM3210E-EVAL\STM3210E-EVAL.axf" - 0 Errors, 8 Warning(s).
Load "D:\\GraduationProject\\UISystem\\Project\\MDK-ARM\\STM3210E-EVAL\\STM3210E-EVAL.axf" 
Set JLink Project File to "D:\GraduationProject\UISystem\Project\MDK-ARM\JLinkSettings.ini"
* JLink Info: Device "STM32F103ZE" selected (512 KB flash, 64 KB RAM).
 
JLink info:
------------
DLL: V4.72a, compiled Jun 26 2013 11:49:14
Firmware: J-Link ARM V8 compiled Jul 17 2014 12:31:18
Hardware: V8.00
S/N : 17935099 
Feature(s) : RDI,FlashDL,FlashBP,JFlash 
 
* JLink Info: TotalIRLen = 9, IRPrint = 0x0011
* JLink Info: TotalIRLen = 9, IRPrint = 0x0011
* JLink Info: Found Cortex-M3 r1p1, Little endian.
* JLink Info: TPIU fitted.
* JLink Info: ETM fitted.
* JLink Info: FPUnit: 6 code (BP) slots and 2 literal slots
ROMTableAddr = 0xE00FF003
* JLink Info: Found Cortex-M3 r1p1, Little endian.
* JLink Info: TPIU fitted.
* JLink Info: ETM fitted.
* JLink Info: FPUnit: 6 code (BP) slots and 2 literal slots
 
Target info:
------------
Device: STM32F103ZE
VTarget = 3.274V
State of Pins: 
TCK: 1, TDI: 0, TDO: 1, TMS: 0, TRES: 1, TRST: 1
Hardware-Breakpoints: 6
Software-Breakpoints: 8192
Watchpoints:          4
JTAG speed: 9600 kHz
 
Erase Done.
Programming Done.
Verify OK.
