<html>
<body>
<pre>
<h1>µVision Build Log</h1>
<h2>Project:</h2>
D:\GraduationProject\UISystem\GraduationProject\Project\MDK-ARM\Project.uvproj
Project File Date:  03/11/2016

<h2>Output:</h2>
Build target 'STM3210E-EVAL'
compiling AppCalendar.c...
..\..\uCGUI\GUIDemo\AppCalendar.c(107): warning:  #167-D: argument of type "const unsigned char *" is incompatible with parameter of type "const char *"
..\..\uCGUI\GUIDemo\AppCalendar.c(127): warning:  #167-D: argument of type "const unsigned char *" is incompatible with parameter of type "const char *"
..\..\uCGUI\GUIDemo\AppCalendar.c(280): warning:  #223-D: function "GUI_SetAppIndex" declared implicitly
..\..\uCGUI\GUIDemo\AppCalendar.c(281): warning:  #223-D: function "GUI_SetAppDirection" declared implicitly
..\..\uCGUI\GUIDemo\AppCalendar.c(282): warning:  #223-D: function "_MoveShiftWindow" declared implicitly
..\..\uCGUI\GUIDemo\AppCalendar.c(283): warning:  #223-D: function "GUI_SetCancel" declared implicitly
..\..\uCGUI\GUIDemo\AppCalendar.c(284): warning:  #223-D: function "GUI_ClearHalt" declared implicitly
..\..\uCGUI\GUIDemo\AppCalendar.c(324): warning:  #223-D: function "_MoveShiftWindow" declared implicitly
..\..\uCGUI\GUIDemo\AppCalendar.c(327): warning:  #223-D: function "GUI_CheckCancel" declared implicitly
..\..\uCGUI\GUIDemo\AppCalendar.c(333): warning:  #1-D: last line of file ends without a newline
linking...
Program Size: Code=57960 RO-data=328164 RW-data=1312 ZI-data=41280  
".\STM3210E-EVAL\STM3210E-EVAL.axf" - 0 Errors, 10 Warning(s).
Load "D:\\GraduationProject\\UISystem\\GraduationProject\\Project\\MDK-ARM\\STM3210E-EVAL\\STM3210E-EVAL.axf" 
Set JLink Project File to "D:\GraduationProject\UISystem\GraduationProject\Project\MDK-ARM\JLinkSettings.ini"
* JLink Info: Device "STM32F103ZE" selected (512 KB flash, 64 KB RAM).
 
JLink info:
------------
DLL: V4.72a, compiled Jun 26 2013 11:49:14
Firmware: J-Link ARM V8 compiled Jul 17 2014 12:31:18
Hardware: V8.00
S/N : 17935099 
Feature(s) : RDI,FlashDL,FlashBP,JFlash 
 
* JLink Info: TotalIRLen = 9, IRPrint = 0x0011
* JLink Info: TotalIRLen = 9, IRPrint = 0x0011
* JLink Info: Found Cortex-M3 r1p1, Little endian.
* JLink Info: TPIU fitted.
* JLink Info: ETM fitted.
* JLink Info: FPUnit: 6 code (BP) slots and 2 literal slots
ROMTableAddr = 0xE00FF003
* JLink Info: Found Cortex-M3 r1p1, Little endian.
* JLink Info: TPIU fitted.
* JLink Info: ETM fitted.
* JLink Info: FPUnit: 6 code (BP) slots and 2 literal slots
 
Target info:
------------
Device: STM32F103ZE
VTarget = 3.274V
State of Pins: 
TCK: 1, TDI: 0, TDO: 1, TMS: 0, TRES: 1, TRST: 1
Hardware-Breakpoints: 6
Software-Breakpoints: 8192
Watchpoints:          4
JTAG speed: 9600 kHz
 
Erase Done.
Programming Done.
Verify OK.
Build target 'STM3210E-EVAL'
compiling AppCalendar.c...
..\..\uCGUI\GUIDemo\AppCalendar.c(107): warning:  #167-D: argument of type "const unsigned char *" is incompatible with parameter of type "const char *"
..\..\uCGUI\GUIDemo\AppCalendar.c(127): warning:  #167-D: argument of type "const unsigned char *" is incompatible with parameter of type "const char *"
..\..\uCGUI\GUIDemo\AppCalendar.c(280): warning:  #223-D: function "GUI_SetAppIndex" declared implicitly
..\..\uCGUI\GUIDemo\AppCalendar.c(281): warning:  #223-D: function "GUI_SetAppDirection" declared implicitly
..\..\uCGUI\GUIDemo\AppCalendar.c(282): warning:  #223-D: function "_MoveShiftWindow" declared implicitly
..\..\uCGUI\GUIDemo\AppCalendar.c(283): warning:  #223-D: function "GUI_SetCancel" declared implicitly
..\..\uCGUI\GUIDemo\AppCalendar.c(284): warning:  #223-D: function "GUI_ClearHalt" declared implicitly
..\..\uCGUI\GUIDemo\AppCalendar.c(324): warning:  #223-D: function "_MoveShiftWindow" declared implicitly
..\..\uCGUI\GUIDemo\AppCalendar.c(327): warning:  #223-D: function "GUI_CheckCancel" declared implicitly
..\..\uCGUI\GUIDemo\AppCalendar.c(335): warning:  #1-D: last line of file ends without a newline
linking...
Program Size: Code=57964 RO-data=328168 RW-data=1312 ZI-data=41280  
".\STM3210E-EVAL\STM3210E-EVAL.axf" - 0 Errors, 10 Warning(s).
Load "D:\\GraduationProject\\UISystem\\GraduationProject\\Project\\MDK-ARM\\STM3210E-EVAL\\STM3210E-EVAL.axf" 
Set JLink Project File to "D:\GraduationProject\UISystem\GraduationProject\Project\MDK-ARM\JLinkSettings.ini"
* JLink Info: Device "STM32F103ZE" selected (512 KB flash, 64 KB RAM).
 
JLink info:
------------
DLL: V4.72a, compiled Jun 26 2013 11:49:14
Firmware: J-Link ARM V8 compiled Jul 17 2014 12:31:18
Hardware: V8.00
S/N : 17935099 
Feature(s) : RDI,FlashDL,FlashBP,JFlash 
 
* JLink Info: TotalIRLen = 9, IRPrint = 0x0011
* JLink Info: TotalIRLen = 9, IRPrint = 0x0011
* JLink Info: Found Cortex-M3 r1p1, Little endian.
* JLink Info: TPIU fitted.
* JLink Info: ETM fitted.
* JLink Info: FPUnit: 6 code (BP) slots and 2 literal slots
ROMTableAddr = 0xE00FF003
* JLink Info: Found Cortex-M3 r1p1, Little endian.
* JLink Info: TPIU fitted.
* JLink Info: ETM fitted.
* JLink Info: FPUnit: 6 code (BP) slots and 2 literal slots
 
Target info:
------------
Device: STM32F103ZE
VTarget = 3.274V
State of Pins: 
TCK: 1, TDI: 0, TDO: 1, TMS: 0, TRES: 1, TRST: 1
Hardware-Breakpoints: 6
Software-Breakpoints: 8192
Watchpoints:          4
JTAG speed: 9600 kHz
 
Erase Done.
Programming Done.
Verify OK.
Build target 'STM3210E-EVAL'
compiling AppCalendar.c...
..\..\uCGUI\GUIDemo\AppCalendar.c(107): warning:  #167-D: argument of type "const unsigned char *" is incompatible with parameter of type "const char *"
..\..\uCGUI\GUIDemo\AppCalendar.c(127): warning:  #167-D: argument of type "const unsigned char *" is incompatible with parameter of type "const char *"
..\..\uCGUI\GUIDemo\AppCalendar.c(280): warning:  #223-D: function "GUI_SetAppIndex" declared implicitly
..\..\uCGUI\GUIDemo\AppCalendar.c(281): warning:  #223-D: function "GUI_SetAppDirection" declared implicitly
..\..\uCGUI\GUIDemo\AppCalendar.c(282): warning:  #223-D: function "_MoveShiftWindow" declared implicitly
..\..\uCGUI\GUIDemo\AppCalendar.c(283): warning:  #223-D: function "GUI_SetCancel" declared implicitly
..\..\uCGUI\GUIDemo\AppCalendar.c(284): warning:  #223-D: function "GUI_ClearHalt" declared implicitly
..\..\uCGUI\GUIDemo\AppCalendar.c(324): warning:  #223-D: function "_MoveShiftWindow" declared implicitly
..\..\uCGUI\GUIDemo\AppCalendar.c(328): warning:  #223-D: function "GUI_CheckCancel" declared implicitly
..\..\uCGUI\GUIDemo\AppCalendar.c(336): warning:  #1-D: last line of file ends without a newline
linking...
Program Size: Code=57964 RO-data=328168 RW-data=1312 ZI-data=41280  
".\STM3210E-EVAL\STM3210E-EVAL.axf" - 0 Errors, 10 Warning(s).
Load "D:\\GraduationProject\\UISystem\\GraduationProject\\Project\\MDK-ARM\\STM3210E-EVAL\\STM3210E-EVAL.axf" 
Set JLink Project File to "D:\GraduationProject\UISystem\GraduationProject\Project\MDK-ARM\JLinkSettings.ini"
* JLink Info: Device "STM32F103ZE" selected (512 KB flash, 64 KB RAM).
 
JLink info:
------------
DLL: V4.72a, compiled Jun 26 2013 11:49:14
Firmware: J-Link ARM V8 compiled Jul 17 2014 12:31:18
Hardware: V8.00
S/N : 17935099 
Feature(s) : RDI,FlashDL,FlashBP,JFlash 
 
* JLink Info: TotalIRLen = 9, IRPrint = 0x0011
* JLink Info: TotalIRLen = 9, IRPrint = 0x0011
* JLink Info: Found Cortex-M3 r1p1, Little endian.
* JLink Info: TPIU fitted.
* JLink Info: ETM fitted.
* JLink Info: FPUnit: 6 code (BP) slots and 2 literal slots
ROMTableAddr = 0xE00FF003
* JLink Info: Found Cortex-M3 r1p1, Little endian.
* JLink Info: TPIU fitted.
* JLink Info: ETM fitted.
* JLink Info: FPUnit: 6 code (BP) slots and 2 literal slots
 
Target info:
------------
Device: STM32F103ZE
VTarget = 3.274V
State of Pins: 
TCK: 1, TDI: 0, TDO: 1, TMS: 0, TRES: 1, TRST: 1
Hardware-Breakpoints: 6
Software-Breakpoints: 8192
Watchpoints:          4
JTAG speed: 9600 kHz
 
Erase Done.
Programming Done.
Verify OK.
Build target 'STM3210E-EVAL'
compiling AppStopWatch.c...
..\..\uCGUI\GUIDemo\AppStopWatch.c(157): warning:  #223-D: function "GUI_SetAppIndex" declared implicitly
..\..\uCGUI\GUIDemo\AppStopWatch.c(158): warning:  #223-D: function "GUI_SetAppDirection" declared implicitly
..\..\uCGUI\GUIDemo\AppStopWatch.c(159): warning:  #223-D: function "_MoveShiftWindow" declared implicitly
..\..\uCGUI\GUIDemo\AppStopWatch.c(160): warning:  #223-D: function "GUI_SetCancel" declared implicitly
..\..\uCGUI\GUIDemo\AppStopWatch.c(161): warning:  #223-D: function "GUI_ClearHalt" declared implicitly
..\..\uCGUI\GUIDemo\AppStopWatch.c(237): warning:  #223-D: function "_MoveShiftWindow" declared implicitly
..\..\uCGUI\GUIDemo\AppStopWatch.c(249): warning:  #223-D: function "GUI_CheckCancel" declared implicitly
..\..\uCGUI\GUIDemo\AppStopWatch.c(181): warning:  #177-D: function "StopWatch_UI" was declared but never referenced
compiling AppClock.c...
..\..\uCGUI\GUIDemo\AppClock.c(121): warning:  #223-D: function "GUI_SetAppIndex" declared implicitly
..\..\uCGUI\GUIDemo\AppClock.c(122): warning:  #223-D: function "GUI_SetAppDirection" declared implicitly
..\..\uCGUI\GUIDemo\AppClock.c(123): warning:  #223-D: function "_MoveShiftWindow" declared implicitly
..\..\uCGUI\GUIDemo\AppClock.c(124): warning:  #223-D: function "GUI_SetCancel" declared implicitly
..\..\uCGUI\GUIDemo\AppClock.c(125): warning:  #223-D: function "GUI_ClearHalt" declared implicitly
..\..\uCGUI\GUIDemo\AppClock.c(164): warning:  #223-D: function "_MoveShiftWindow" declared implicitly
..\..\uCGUI\GUIDemo\AppClock.c(180): warning:  #223-D: function "GUI_CheckCancel" declared implicitly
..\..\uCGUI\GUIDemo\AppClock.c(200): warning:  #1-D: last line of file ends without a newline
compiling AppLed.c...
..\..\uCGUI\GUIDemo\AppLed.c(21): warning:  #188-D: enumerated type mixed with another type
..\..\uCGUI\GUIDemo\AppLed.c(21): warning:  #188-D: enumerated type mixed with another type
..\..\uCGUI\GUIDemo\AppLed.c(21): warning:  #188-D: enumerated type mixed with another type
..\..\uCGUI\GUIDemo\AppLed.c(21): warning:  #188-D: enumerated type mixed with another type
..\..\uCGUI\GUIDemo\AppLed.c(21): warning:  #188-D: enumerated type mixed with another type
..\..\uCGUI\GUIDemo\AppLed.c(110): warning:  #188-D: enumerated type mixed with another type
..\..\uCGUI\GUIDemo\AppLed.c(114): warning:  #188-D: enumerated type mixed with another type
..\..\uCGUI\GUIDemo\AppLed.c(118): warning:  #188-D: enumerated type mixed with another type
..\..\uCGUI\GUIDemo\AppLed.c(122): warning:  #188-D: enumerated type mixed with another type
..\..\uCGUI\GUIDemo\AppLed.c(126): warning:  #223-D: function "GUI_SetAppIndex" declared implicitly
..\..\uCGUI\GUIDemo\AppLed.c(127): warning:  #223-D: function "GUI_SetAppDirection" declared implicitly
..\..\uCGUI\GUIDemo\AppLed.c(128): warning:  #223-D: function "_MoveShiftWindow" declared implicitly
..\..\uCGUI\GUIDemo\AppLed.c(129): warning:  #223-D: function "GUI_SetCancel" declared implicitly
..\..\uCGUI\GUIDemo\AppLed.c(130): warning:  #223-D: function "GUI_ClearHalt" declared implicitly
..\..\uCGUI\GUIDemo\AppLed.c(160): warning:  #223-D: function "_MoveShiftWindow" declared implicitly
..\..\uCGUI\GUIDemo\AppLed.c(164): warning:  #223-D: function "GUI_CheckCancel" declared implicitly
linking...
Program Size: Code=57956 RO-data=328168 RW-data=1312 ZI-data=41280  
".\STM3210E-EVAL\STM3210E-EVAL.axf" - 0 Errors, 32 Warning(s).
Load "D:\\GraduationProject\\UISystem\\GraduationProject\\Project\\MDK-ARM\\STM3210E-EVAL\\STM3210E-EVAL.axf" 
Set JLink Project File to "D:\GraduationProject\UISystem\GraduationProject\Project\MDK-ARM\JLinkSettings.ini"
* JLink Info: Device "STM32F103ZE" selected (512 KB flash, 64 KB RAM).
 
JLink info:
------------
DLL: V4.72a, compiled Jun 26 2013 11:49:14
Firmware: J-Link ARM V8 compiled Jul 17 2014 12:31:18
Hardware: V8.00
S/N : 17935099 
Feature(s) : RDI,FlashDL,FlashBP,JFlash 
 
* JLink Info: TotalIRLen = 9, IRPrint = 0x0011
* JLink Info: TotalIRLen = 9, IRPrint = 0x0011
* JLink Info: Found Cortex-M3 r1p1, Little endian.
* JLink Info: TPIU fitted.
* JLink Info: ETM fitted.
* JLink Info: FPUnit: 6 code (BP) slots and 2 literal slots
ROMTableAddr = 0xE00FF003
* JLink Info: Found Cortex-M3 r1p1, Little endian.
* JLink Info: TPIU fitted.
* JLink Info: ETM fitted.
* JLink Info: FPUnit: 6 code (BP) slots and 2 literal slots
 
Target info:
------------
Device: STM32F103ZE
VTarget = 3.274V
State of Pins: 
TCK: 1, TDI: 0, TDO: 1, TMS: 0, TRES: 1, TRST: 1
Hardware-Breakpoints: 6
Software-Breakpoints: 8192
Watchpoints:          4
JTAG speed: 9600 kHz
 
Erase Done.
Programming Done.
Verify OK.
